/home/sandbox/mega27/item5-yeast/src/yeasttwin/ml.py:82: UserWarning: Sparse invariant checks are implicitly disabled. Memory errors (e.g. SEGFAULT) will occur when operating on a sparse tensor which violates the invariants, but checks incur performance overhead. To silence this warning, explicitly opt in or out. See `torch.sparse.check_sparse_tensor_invariants.__doc__` for guidance.  (Triggered internally at /__w/pytorch/pytorch/aten/src/ATen/Context.cpp:848.)
  return torch.sparse_coo_tensor(idx, val, (n, n)).coalesce()
/home/sandbox/mega27/item5-yeast/src/yeasttwin/ml.py:108: UserWarning: To copy construct from a tensor, it is recommended to use sourceTensor.detach().clone() or sourceTensor.detach().clone().requires_grad_(True), rather than torch.tensor(sourceTensor).
  tr = torch.tensor(train_idx, dtype=torch.long)
repeat 0 fold 0: fba_rule MCC=0.608, logreg MCC=0.632, gcn MCC=0.709, cnn MCC=0.000, gcn_cnn MCC=0.334
/home/sandbox/mega27/item5-yeast/src/yeasttwin/ml.py:108: UserWarning: To copy construct from a tensor, it is recommended to use sourceTensor.detach().clone() or sourceTensor.detach().clone().requires_grad_(True), rather than torch.tensor(sourceTensor).
  tr = torch.tensor(train_idx, dtype=torch.long)
repeat 0 fold 1: fba_rule MCC=0.469, logreg MCC=0.444, gcn MCC=0.488, cnn MCC=0.000, gcn_cnn MCC=0.063
/home/sandbox/mega27/item5-yeast/src/yeasttwin/ml.py:108: UserWarning: To copy construct from a tensor, it is recommended to use sourceTensor.detach().clone() or sourceTensor.detach().clone().requires_grad_(True), rather than torch.tensor(sourceTensor).
  tr = torch.tensor(train_idx, dtype=torch.long)
repeat 0 fold 2: fba_rule MCC=0.400, logreg MCC=0.400, gcn MCC=0.357, cnn MCC=0.000, gcn_cnn MCC=0.197
/home/sandbox/mega27/item5-yeast/src/yeasttwin/ml.py:108: UserWarning: To copy construct from a tensor, it is recommended to use sourceTensor.detach().clone() or sourceTensor.detach().clone().requires_grad_(True), rather than torch.tensor(sourceTensor).
  tr = torch.tensor(train_idx, dtype=torch.long)
repeat 0 fold 3: fba_rule MCC=0.677, logreg MCC=0.632, gcn MCC=0.518, cnn MCC=-0.028, gcn_cnn MCC=0.234
/home/sandbox/mega27/item5-yeast/src/yeasttwin/ml.py:108: UserWarning: To copy construct from a tensor, it is recommended to use sourceTensor.detach().clone() or sourceTensor.detach().clone().requires_grad_(True), rather than torch.tensor(sourceTensor).
  tr = torch.tensor(train_idx, dtype=torch.long)
repeat 0 fold 4: fba_rule MCC=0.483, logreg MCC=0.508, gcn MCC=0.546, cnn MCC=0.113, gcn_cnn MCC=0.478
/home/sandbox/mega27/item5-yeast/src/yeasttwin/ml.py:108: UserWarning: To copy construct from a tensor, it is recommended to use sourceTensor.detach().clone() or sourceTensor.detach().clone().requires_grad_(True), rather than torch.tensor(sourceTensor).
  tr = torch.tensor(train_idx, dtype=torch.long)
repeat 1 fold 0: fba_rule MCC=0.438, logreg MCC=0.412, gcn MCC=0.543, cnn MCC=0.000, gcn_cnn MCC=0.283
/home/sandbox/mega27/item5-yeast/src/yeasttwin/ml.py:108: UserWarning: To copy construct from a tensor, it is recommended to use sourceTensor.detach().clone() or sourceTensor.detach().clone().requires_grad_(True), rather than torch.tensor(sourceTensor).
  tr = torch.tensor(train_idx, dtype=torch.long)
repeat 1 fold 1: fba_rule MCC=0.481, logreg MCC=0.503, gcn MCC=0.424, cnn MCC=0.000, gcn_cnn MCC=0.265
/home/sandbox/mega27/item5-yeast/src/yeasttwin/ml.py:108: UserWarning: To copy construct from a tensor, it is recommended to use sourceTensor.detach().clone() or sourceTensor.detach().clone().requires_grad_(True), rather than torch.tensor(sourceTensor).
  tr = torch.tensor(train_idx, dtype=torch.long)
repeat 1 fold 2: fba_rule MCC=0.489, logreg MCC=0.481, gcn MCC=0.369, cnn MCC=0.000, gcn_cnn MCC=0.202
/home/sandbox/mega27/item5-yeast/src/yeasttwin/ml.py:108: UserWarning: To copy construct from a tensor, it is recommended to use sourceTensor.detach().clone() or sourceTensor.detach().clone().requires_grad_(True), rather than torch.tensor(sourceTensor).
  tr = torch.tensor(train_idx, dtype=torch.long)
repeat 1 fold 3: fba_rule MCC=0.653, logreg MCC=0.653, gcn MCC=0.611, cnn MCC=0.000, gcn_cnn MCC=0.497
/home/sandbox/mega27/item5-yeast/src/yeasttwin/ml.py:108: UserWarning: To copy construct from a tensor, it is recommended to use sourceTensor.detach().clone() or sourceTensor.detach().clone().requires_grad_(True), rather than torch.tensor(sourceTensor).
  tr = torch.tensor(train_idx, dtype=torch.long)
repeat 1 fold 4: fba_rule MCC=0.594, logreg MCC=0.616, gcn MCC=0.537, cnn MCC=-0.045, gcn_cnn MCC=0.512
/home/sandbox/mega27/item5-yeast/src/yeasttwin/ml.py:108: UserWarning: To copy construct from a tensor, it is recommended to use sourceTensor.detach().clone() or sourceTensor.detach().clone().requires_grad_(True), rather than torch.tensor(sourceTensor).
  tr = torch.tensor(train_idx, dtype=torch.long)
repeat 2 fold 0: fba_rule MCC=0.654, logreg MCC=0.632, gcn MCC=0.594, cnn MCC=0.000, gcn_cnn MCC=0.063
/home/sandbox/mega27/item5-yeast/src/yeasttwin/ml.py:108: UserWarning: To copy construct from a tensor, it is recommended to use sourceTensor.detach().clone() or sourceTensor.detach().clone().requires_grad_(True), rather than torch.tensor(sourceTensor).
  tr = torch.tensor(train_idx, dtype=torch.long)
repeat 2 fold 1: fba_rule MCC=0.320, logreg MCC=0.320, gcn MCC=0.381, cnn MCC=0.000, gcn_cnn MCC=0.285
/home/sandbox/mega27/item5-yeast/src/yeasttwin/ml.py:108: UserWarning: To copy construct from a tensor, it is recommended to use sourceTensor.detach().clone() or sourceTensor.detach().clone().requires_grad_(True), rather than torch.tensor(sourceTensor).
  tr = torch.tensor(train_idx, dtype=torch.long)
repeat 2 fold 2: fba_rule MCC=0.431, logreg MCC=0.412, gcn MCC=0.446, cnn MCC=0.000, gcn_cnn MCC=0.406
/home/sandbox/mega27/item5-yeast/src/yeasttwin/ml.py:108: UserWarning: To copy construct from a tensor, it is recommended to use sourceTensor.detach().clone() or sourceTensor.detach().clone().requires_grad_(True), rather than torch.tensor(sourceTensor).
  tr = torch.tensor(train_idx, dtype=torch.long)
repeat 2 fold 3: fba_rule MCC=0.605, logreg MCC=0.605, gcn MCC=0.593, cnn MCC=0.000, gcn_cnn MCC=0.529
/home/sandbox/mega27/item5-yeast/src/yeasttwin/ml.py:108: UserWarning: To copy construct from a tensor, it is recommended to use sourceTensor.detach().clone() or sourceTensor.detach().clone().requires_grad_(True), rather than torch.tensor(sourceTensor).
  tr = torch.tensor(train_idx, dtype=torch.long)
repeat 2 fold 4: fba_rule MCC=0.617, logreg MCC=0.617, gcn MCC=0.551, cnn MCC=0.075, gcn_cnn MCC=0.507
{
  "per_model": {
    "cnn": {
      "mcc_mean": 0.0076690660902006815,
      "mcc_std": 0.03798649283988767,
      "auc_mean": 0.5595964298440246
    },
    "fba_rule": {
      "mcc_mean": 0.5279571055878128,
      "mcc_std": 0.10840331124885247,
      "auc_mean": 0.6966872696226827
    },
    "gcn": {
      "mcc_mean": 0.5110863696087885,
      "mcc_std": 0.10004958972928865,
      "auc_mean": 0.83138009113285
    },
    "gcn_cnn": {
      "mcc_mean": 0.32359237396529994,
      "mcc_std": 0.15888178393770153,
      "auc_mean": 0.8155836031985579
    },
    "logreg": {
      "mcc_mean": 0.5245266143267405,
      "mcc_std": 0.10898992140004508,
      "auc_mean": 0.7885481690711246
    }
  },
  "delta_vs_fba": {
    "cnn": {
      "mean": -0.5202880394976123,
      "ci95": [
        -0.5759650913584415,
        -0.46017556080039196
      ],
      "gate_pass": false
    },
    "gcn": {
      "mean": -0.016870735979024404,
      "ci95": [
        -0.052452620829030606,
        0.02163359188702183
      ],
      "gate_pass": false
    },
    "gcn_cnn": {
      "mean": -0.20436473162251304,
      "ci95": [
        -0.29217064315241054,
        -0.12332171720089397
      ],
      "gate_pass": false
    },
    "logreg": {
      "mean": -0.0034304912610724474,
      "ci95": [
        -0.01407667173231097,
        0.0064556728132570615
      ],
      "gate_pass": false
    }
  }
}
EXIT_0
