This is pdfTeX, Version 3.141592653-2.6-1.40.22 (TeX Live 2022/dev/Debian) (preloaded format=pdflatex 2026.8.14)  24 SEP 2026 21:42
entering extended mode
 restricted \write18 enabled.
 %&-line parsing enabled.
**main.tex
(./main.tex
LaTeX2e <2021-11-15> patch level 1
L3 programming layer <2022-01-21>
(/usr/share/texlive/texmf-dist/tex/latex/base/article.cls
Document Class: article 2021/10/04 v1.4n Standard LaTeX document class
(/usr/share/texlive/texmf-dist/tex/latex/base/size12.clo
File: size12.clo 2021/10/04 v1.4n Standard LaTeX file (size option)
)
\c@part=\count185
\c@section=\count186
\c@subsection=\count187
\c@subsubsection=\count188
\c@paragraph=\count189
\c@subparagraph=\count190
\c@figure=\count191
\c@table=\count192
\abovecaptionskip=\skip47
\belowcaptionskip=\skip48
\bibindent=\dimen138
)
(/usr/share/texlive/texmf-dist/tex/latex/geometry/geometry.sty
Package: geometry 2020/01/02 v5.9 Page Geometry

(/usr/share/texlive/texmf-dist/tex/latex/graphics/keyval.sty
Package: keyval 2014/10/28 v1.15 key=value parser (DPC)
\KV@toks@=\toks16
)
(/usr/share/texlive/texmf-dist/tex/generic/iftex/ifvtex.sty
Package: ifvtex 2019/10/25 v1.7 ifvtex legacy package. Use iftex instead.

(/usr/share/texlive/texmf-dist/tex/generic/iftex/iftex.sty
Package: iftex 2020/03/06 v1.0d TeX engine tests
))
\Gm@cnth=\count193
\Gm@cntv=\count194
\c@Gm@tempcnt=\count195
\Gm@bindingoffset=\dimen139
\Gm@wd@mp=\dimen140
\Gm@odd@mp=\dimen141
\Gm@even@mp=\dimen142
\Gm@layoutwidth=\dimen143
\Gm@layoutheight=\dimen144
\Gm@layouthoffset=\dimen145
\Gm@layoutvoffset=\dimen146
\Gm@dimlist=\toks17
)
(/usr/share/texlive/texmf-dist/tex/latex/psnfss/times.sty
Package: times 2020/03/25 PSNFSS-v9.3 (SPQR) 
)
(/usr/share/texlive/texmf-dist/tex/latex/graphics/graphicx.sty
Package: graphicx 2021/09/16 v1.2d Enhanced LaTeX Graphics (DPC,SPQR)

(/usr/share/texlive/texmf-dist/tex/latex/graphics/graphics.sty
Package: graphics 2021/03/04 v1.4d Standard LaTeX Graphics (DPC,SPQR)

(/usr/share/texlive/texmf-dist/tex/latex/graphics/trig.sty
Package: trig 2021/08/11 v1.11 sin cos tan (DPC)
)
(/usr/share/texlive/texmf-dist/tex/latex/graphics-cfg/graphics.cfg
File: graphics.cfg 2016/06/04 v1.11 sample graphics configuration
)
Package graphics Info: Driver file: pdftex.def on input line 107.

(/usr/share/texlive/texmf-dist/tex/latex/graphics-def/pdftex.def
File: pdftex.def 2020/10/05 v1.2a Graphics/color driver for pdftex
))
\Gin@req@height=\dimen147
\Gin@req@width=\dimen148
)
(/usr/share/texlive/texmf-dist/tex/latex/tools/longtable.sty
Package: longtable 2021-09-01 v4.17 Multi-page Table package (DPC)
\LTleft=\skip49
\LTright=\skip50
\LTpre=\skip51
\LTpost=\skip52
\LTchunksize=\count196
\LTcapwidth=\dimen149
\LT@head=\box50
\LT@firsthead=\box51
\LT@foot=\box52
\LT@lastfoot=\box53
\LT@gbox=\box54
\LT@cols=\count197
\LT@rows=\count198
\c@LT@tables=\count199
\c@LT@chunks=\count266
\LT@p@ftn=\toks18
)
(/usr/share/texlive/texmf-dist/tex/latex/amsmath/amsmath.sty
Package: amsmath 2021/10/15 v2.17l AMS math features
\@mathmargin=\skip53

For additional information on amsmath, use the `?' option.
(/usr/share/texlive/texmf-dist/tex/latex/amsmath/amstext.sty
Package: amstext 2021/08/26 v2.01 AMS text

(/usr/share/texlive/texmf-dist/tex/latex/amsmath/amsgen.sty
File: amsgen.sty 1999/11/30 v2.0 generic functions
\@emptytoks=\toks19
\ex@=\dimen150
))
(/usr/share/texlive/texmf-dist/tex/latex/amsmath/amsbsy.sty
Package: amsbsy 1999/11/29 v1.2d Bold Symbols
\pmbraise@=\dimen151
)
(/usr/share/texlive/texmf-dist/tex/latex/amsmath/amsopn.sty
Package: amsopn 2021/08/26 v2.02 operator names
)
\inf@bad=\count267
LaTeX Info: Redefining \frac on input line 234.
\uproot@=\count268
\leftroot@=\count269
LaTeX Info: Redefining \overline on input line 399.
\classnum@=\count270
\DOTSCASE@=\count271
LaTeX Info: Redefining \ldots on input line 496.
LaTeX Info: Redefining \dots on input line 499.
LaTeX Info: Redefining \cdots on input line 620.
\Mathstrutbox@=\box55
\strutbox@=\box56
\big@size=\dimen152
LaTeX Font Info:    Redeclaring font encoding OML on input line 743.
LaTeX Font Info:    Redeclaring font encoding OMS on input line 744.
\macc@depth=\count272
\c@MaxMatrixCols=\count273
\dotsspace@=\muskip16
\c@parentequation=\count274
\dspbrk@lvl=\count275
\tag@help=\toks20
\row@=\count276
\column@=\count277
\maxfields@=\count278
\andhelp@=\toks21
\eqnshift@=\dimen153
\alignsep@=\dimen154
\tagshift@=\dimen155
\tagwidth@=\dimen156
\totwidth@=\dimen157
\lineht@=\dimen158
\@envbody=\toks22
\multlinegap=\skip54
\multlinetaggap=\skip55
\mathdisplay@stack=\toks23
LaTeX Info: Redefining \[ on input line 2938.
LaTeX Info: Redefining \] on input line 2939.
)
(/usr/share/texlive/texmf-dist/tex/latex/amsfonts/amssymb.sty
Package: amssymb 2013/01/14 v3.01 AMS font symbols

(/usr/share/texlive/texmf-dist/tex/latex/amsfonts/amsfonts.sty
Package: amsfonts 2013/01/14 v3.01 Basic AMSFonts support
\symAMSa=\mathgroup4
\symAMSb=\mathgroup5
LaTeX Font Info:    Redeclaring math symbol \hbar on input line 98.
LaTeX Font Info:    Overwriting math alphabet `\mathfrak' in version `bold'
(Font)                  U/euf/m/n --> U/euf/b/n on input line 106.
))
(/usr/share/texlive/texmf-dist/tex/latex/amscls/amsthm.sty
Package: amsthm 2020/05/29 v2.20.6
\thm@style=\toks24
\thm@bodyfont=\toks25
\thm@headfont=\toks26
\thm@notefont=\toks27
\thm@headpunct=\toks28
\thm@preskip=\skip56
\thm@postskip=\skip57
\thm@headsep=\skip58
\dth@everypar=\toks29
)
\c@proposition=\count279
\c@lemma=\count280
\c@remark=\count281
\c@definition=\count282
LaTeX Font Info:    Trying to load font information for OT1+ptm on input line 1
5.

(/usr/share/texlive/texmf-dist/tex/latex/psnfss/ot1ptm.fd
File: ot1ptm.fd 2001/06/04 font definitions for OT1/ptm.
)
(/usr/share/texlive/texmf-dist/tex/latex/l3backend/l3backend-pdftex.def
File: l3backend-pdftex.def 2022-01-12 L3 backend support: PDF output (pdfTeX)
\l__color_backend_stack_int=\count283
\l__pdf_internal_box=\box57
)
(./main.aux

LaTeX Warning: Label `tab:allscores' multiply defined.


LaTeX Warning: Label `tab:allscores' multiply defined.


LaTeX Warning: Label `tab:allscores' multiply defined.


LaTeX Warning: Label `tab:allscores' multiply defined.


LaTeX Warning: Label `tab:allscores' multiply defined.


LaTeX Warning: Label `tab:allscores' multiply defined.


LaTeX Warning: Label `tab:allscores' multiply defined.


LaTeX Warning: Label `tab:allscores' multiply defined.


LaTeX Warning: Label `tab:allscores' multiply defined.


LaTeX Warning: Label `tab:allscores' multiply defined.


LaTeX Warning: Label `tab:allscores' multiply defined.


LaTeX Warning: Label `tab:allscores' multiply defined.


LaTeX Warning: Label `tab:allscores' multiply defined.


LaTeX Warning: Label `tab:allscores' multiply defined.


LaTeX Warning: Label `tab:allscores' multiply defined.


LaTeX Warning: Label `tab:allscores' multiply defined.


LaTeX Warning: Label `tab:allscores' multiply defined.


LaTeX Warning: Label `tab:allscores' multiply defined.


LaTeX Warning: Label `tab:allscores' multiply defined.


LaTeX Warning: Label `tab:allscores' multiply defined.


LaTeX Warning: Label `tab:allscores' multiply defined.


LaTeX Warning: Label `tab:allscores' multiply defined.


LaTeX Warning: Label `tab:allscores' multiply defined.


LaTeX Warning: Label `tab:allscores' multiply defined.


LaTeX Warning: Label `tab:allscores' multiply defined.


LaTeX Warning: Label `tab:allscores' multiply defined.


LaTeX Warning: Label `tab:allscores' multiply defined.


LaTeX Warning: Label `tab:allscores' multiply defined.

)
\openout1 = `main.aux'.

LaTeX Font Info:    Checking defaults for OML/cmm/m/it on input line 15.
LaTeX Font Info:    ... okay on input line 15.
LaTeX Font Info:    Checking defaults for OMS/cmsy/m/n on input line 15.
LaTeX Font Info:    ... okay on input line 15.
LaTeX Font Info:    Checking defaults for OT1/cmr/m/n on input line 15.
LaTeX Font Info:    ... okay on input line 15.
LaTeX Font Info:    Checking defaults for T1/cmr/m/n on input line 15.
LaTeX Font Info:    ... okay on input line 15.
LaTeX Font Info:    Checking defaults for TS1/cmr/m/n on input line 15.
LaTeX Font Info:    ... okay on input line 15.
LaTeX Font Info:    Checking defaults for OMX/cmex/m/n on input line 15.
LaTeX Font Info:    ... okay on input line 15.
LaTeX Font Info:    Checking defaults for U/cmr/m/n on input line 15.
LaTeX Font Info:    ... okay on input line 15.

*geometry* driver: auto-detecting
*geometry* detected driver: pdftex
*geometry* verbose mode - [ preamble ] result:
* driver: pdftex
* paper: <default>
* layout: <same size as paper>
* layoutoffset:(h,v)=(0.0pt,0.0pt)
* modes: 
* h-part:(L,W,R)=(72.26999pt, 469.75502pt, 72.26999pt)
* v-part:(T,H,B)=(72.26999pt, 650.43001pt, 72.26999pt)
* \paperwidth=614.295pt
* \paperheight=794.96999pt
* \textwidth=469.75502pt
* \textheight=650.43001pt
* \oddsidemargin=0.0pt
* \evensidemargin=0.0pt
* \topmargin=-37.0pt
* \headheight=12.0pt
* \headsep=25.0pt
* \topskip=12.0pt
* \footskip=30.0pt
* \marginparwidth=44.0pt
* \marginparsep=10.0pt
* \columnsep=10.0pt
* \skip\footins=10.8pt plus 4.0pt minus 2.0pt
* \hoffset=0.0pt
* \voffset=0.0pt
* \mag=1000
* \@twocolumnfalse
* \@twosidefalse
* \@mparswitchfalse
* \@reversemarginfalse
* (1in=72.27pt=25.4mm, 1cm=28.453pt)

(/usr/share/texlive/texmf-dist/tex/context/base/mkii/supp-pdf.mkii
[Loading MPS to PDF converter (version 2006.09.02).]
\scratchcounter=\count284
\scratchdimen=\dimen159
\scratchbox=\box58
\nofMPsegments=\count285
\nofMParguments=\count286
\everyMPshowfont=\toks30
\MPscratchCnt=\count287
\MPscratchDim=\dimen160
\MPnumerator=\count288
\makeMPintoPDFobject=\count289
\everyMPtoPDFconversion=\toks31
) (/usr/share/texlive/texmf-dist/tex/latex/epstopdf-pkg/epstopdf-base.sty
Package: epstopdf-base 2020-01-24 v2.11 Base part for package epstopdf
Package epstopdf-base Info: Redefining graphics rule for `.eps' on input line 4
85.

(/usr/share/texlive/texmf-dist/tex/latex/latexconfig/epstopdf-sys.cfg
File: epstopdf-sys.cfg 2010/07/13 v1.3 Configuration of (r)epstopdf for TeX Liv
e
))
LaTeX Font Info:    Trying to load font information for U+msa on input line 16.


(/usr/share/texlive/texmf-dist/tex/latex/amsfonts/umsa.fd
File: umsa.fd 2013/01/14 v3.01 AMS symbols A
)
LaTeX Font Info:    Trying to load font information for U+msb on input line 16.


(/usr/share/texlive/texmf-dist/tex/latex/amsfonts/umsb.fd
File: umsb.fd 2013/01/14 v3.01 AMS symbols B
) (./main.toc [1

{/var/lib/texmf/fonts/map/pdftex/updmap/pdftex.map}] [2])
\tf@toc=\write3
\openout3 = `main.toc'.

 [3] [4]
LaTeX Font Info:    Trying to load font information for OT1+pcr on input line 1
18.

(/usr/share/texlive/texmf-dist/tex/latex/psnfss/ot1pcr.fd
File: ot1pcr.fd 2001/06/04 font definitions for OT1/pcr.
)
LaTeX Font Info:    Trying to load font information for OMS+ptm on input line 1
25.

(/usr/share/texlive/texmf-dist/tex/latex/psnfss/omsptm.fd
File: omsptm.fd 
)
LaTeX Font Info:    Font shape `OMS/ptm/m/n' in size <12> not available
(Font)              Font shape `OMS/cmsy/m/n' tried instead on input line 125.

Overfull \hbox (13.94963pt too wide) in paragraph at lines 122--128
\OT1/ptm/m/n/12 The Stan-ford deletion-collection clas-si-fi-ca-tions (\OT1/pcr
/m/n/12 data/raw/essentialGenes.tsv\OT1/ptm/m/n/12 ) la-bel 1,107
 []


Overfull \hbox (34.67265pt too wide) in paragraph at lines 136--144
\OT1/ptm/m/n/12 (32 steady states with mea-sured up-take and growth rates), the
 anaer-o-bic chemo-stat study of Van Hoek 1998
 []

[5] [6] [7] [8] [9]
<../figures/fig_cv_metrics.png, id=47, 650.43pt x 260.172pt>
File: ../figures/fig_cv_metrics.png Graphic file (type png)
<use ../figures/fig_cv_metrics.png>
Package pdftex.def Info: ../figures/fig_cv_metrics.png  used on input line 408.

(pdftex.def)             Requested size: 469.75502pt x 187.90726pt.
<../figures/fig_roc.png, id=49, 331.7193pt x 303.534pt>
File: ../figures/fig_roc.png Graphic file (type png)
<use ../figures/fig_roc.png>
Package pdftex.def Info: ../figures/fig_roc.png  used on input line 424.
(pdftex.def)             Requested size: 258.36668pt x 236.43597pt.
 [10 <../figures/fig_cv_metrics.png>]
<../figures/fig_overrescue.png, id=54, 303.534pt x 245.718pt>
File: ../figures/fig_overrescue.png Graphic file (type png)
<use ../figures/fig_overrescue.png>
Package pdftex.def Info: ../figures/fig_overrescue.png  used on input line 441.

(pdftex.def)             Requested size: 234.8775pt x 190.13702pt.

Overfull \hbox (118.9473pt too wide) in paragraph at lines 447--456
\OT1/ptm/m/n/12 17 cases (60.7%), me-dian log$[]$ abun-dance ra-tio 0.63, Wilco
xon $\OML/cmm/m/it/12 p \OT1/cmr/m/n/12 = 0\OML/cmm/m/it/12 :\OT1/cmr/m/n/12 03
8$ \OT1/ptm/m/n/12 (\OT1/pcr/m/n/12 results/overrescue[]abundance.csv\OT1/ptm/m
/n/12 ).
 []


Overfull \hbox (4.94142pt too wide) in paragraph at lines 458--469
\OT1/ptm/m/n/12 log$[]$ ra-tio 0.23, Wilcoxon $\OML/cmm/m/it/12 p \OT1/cmr/m/n/
12 = 0\OML/cmm/m/it/12 :\OT1/cmr/m/n/12 29$ \OT1/ptm/m/n/12 (\OT1/pcr/m/n/12 re
sults/overrescue[]abundance[]bsubtilis.csv\OT1/ptm/m/n/12 ).
 []

[11 <../figures/fig_roc.png>]
Overfull \hbox (163.06702pt too wide) in paragraph at lines 471--478
\OT1/ptm/m/n/12 caught es-sen-tials (Fisher odds ra-tio 22.7, $\OML/cmm/m/it/12
 p \OT1/cmr/m/n/12 = 2\OML/cmm/m/it/12 :\OT1/cmr/m/n/12 5 \OMS/cmsy/m/n/12 ^^B 
\OT1/cmr/m/n/12 10[]$\OT1/ptm/m/n/12 ; 15 named genes, \OT1/pcr/m/n/12 results/
overrescue[]audit[]bsubtilis.json\OT1/ptm/m/n/12 ).
 []

<../figures/fig_abundance.png, id=60, 332.08064pt x 303.534pt>
File: ../figures/fig_abundance.png Graphic file (type png)
<use ../figures/fig_abundance.png>
Package pdftex.def Info: ../figures/fig_abundance.png  used on input line 503.
(pdftex.def)             Requested size: 258.36668pt x 236.16734pt.

Overfull \hbox (5.55052pt too wide) in paragraph at lines 492--510
\OT1/ptm/m/n/12 res-cues the es-sen-tial's de-fect (\OT1/pcr/m/n/12 results/bio
grid[]backup[]rescue[]pairs.tsv\OT1/ptm/m/n/12 ). The chem-
 []


LaTeX Warning: `h' float specifier changed to `ht'.


Overfull \hbox (72.2163pt too wide) in paragraph at lines 512--523
\OT1/ptm/m/n/12 backup, and 9 of the 10 with-out one do not (Fisher $\OML/cmm/m
/it/12 p \OT1/cmr/m/n/12 = 1\OML/cmm/m/it/12 :\OT1/cmr/m/n/12 2 \OMS/cmsy/m/n/1
2 ^^B \OT1/cmr/m/n/12 10[]$\OT1/ptm/m/n/12 ; \OT1/pcr/m/n/12 results/kegg[]same
[]ko[]backups.csv\OT1/ptm/m/n/12 ).
 []


Overfull \hbox (152.9948pt too wide) in paragraph at lines 512--523
\OT1/ptm/m/n/12 ans 68.1 vs 69.2 ppm), so prove-nance and ex-pres-sion con-trib
ute in-de-pen-dently (\OT1/pcr/m/n/12 results/kegg[]provenance[]joint.json\OT1/
ptm/m/n/12 ). 
 []

[12 <../figures/fig_overrescue.png>]
Overfull \hbox (29.86885pt too wide) in paragraph at lines 525--534
\OT1/ptm/m/n/12 11.5, $\OML/cmm/m/it/12 p \OT1/cmr/m/n/12 = 1\OML/cmm/m/it/12 :
\OT1/cmr/m/n/12 2 \OMS/cmsy/m/n/12 ^^B \OT1/cmr/m/n/12 10[]$\OT1/ptm/m/n/12 ; 1
3 named over-rescued genes, \OT1/pcr/m/n/12 results/overrescue[]audit[]ecoli.js
on\OT1/ptm/m/n/12 ).
 []

[13 <../figures/fig_abundance.png>] [14]
Overfull \hbox (137.04419pt too wide) in paragraph at lines 615--620
\OT1/ptm/m/n/12 so the pair is a cer-ti-fied lo-cal op-ti-mum of the obligatory
-flux land-scape (\OT1/pcr/m/n/12 results/strain[]design[]triples.csv\OT1/ptm/m
/n/12 ). 
 []

<../figures/fig_envelope.png, id=73, 303.534pt x 245.718pt>
File: ../figures/fig_envelope.png Graphic file (type png)
<use ../figures/fig_envelope.png>
Package pdftex.def Info: ../figures/fig_envelope.png  used on input line 626.
(pdftex.def)             Requested size: 234.8775pt x 190.13702pt.
<../figures/fig_strain_designs.png, id=74, 505.89pt x 274.626pt>
File: ../figures/fig_strain_designs.png Graphic file (type png)
<use ../figures/fig_strain_designs.png>
Package pdftex.def Info: ../figures/fig_strain_designs.png  used on input line 
632.
(pdftex.def)             Requested size: 399.29463pt x 216.76358pt.
(./tab_cv_folds.tex [15 <../figures/fig_envelope.png>]) (./tab_overrescued.tex
Overfull \hbox (18.06499pt too wide) in alignment at lines 1--26
 [] [] 
 []

) (./tab_strain_singles.tex [16]) (./tab_strain_5th.tex)
(./tab_strain_pairs.tex [17])
Overfull \hbox (1.519pt too wide) in paragraph at lines 645--653
\OT1/ptm/m/n/12 carry ex-plicit \OT1/ptm/m/it/12 in-vi-able \OT1/ptm/m/n/12 an-
no-ta-tions (\OT1/pcr/m/n/12 results/sgd[]inviable[]triangulation.json\OT1/ptm/
m/n/12 ). The
 []

[18]
Overfull \hbox (75.89784pt too wide) in paragraph at lines 707--719
 [][] 
 []


Overfull \hbox (19.22015pt too wide) in paragraph at lines 694--722
\OT1/ptm/m/n/12 cov-er-age gap, not a fail-ure (\OT1/pcr/m/n/12 data/raw/biogri
d[]ecoli[]overrescue[]interactions.tsv\OT1/ptm/m/n/12 ).
 []


LaTeX Warning: `h' float specifier changed to `ht'.

[19 <../figures/fig_strain_designs.png>] [20]
Overfull \hbox (35.89604pt too wide) in paragraph at lines 794--796
\OT1/ptm/m/n/12 Full per-gene fea-ture ta-ble (1,143 genes $\OMS/cmsy/m/n/12 ^^
B$ \OT1/ptm/m/n/12 11 fea-tures) at \OT1/pcr/m/n/12 results/gene[]features[]par
tial.csv\OT1/ptm/m/n/12 . 
 []

(./tab_essential_scores.tex [21] [22] [23] [24]) (./tab_all_gene_scores.tex
[25] [26] [27] [28] [29] [30] [31] [32] [33] [34] [35] [36] [37] [38] [39]
[40] [41] [42] [43] [44] [45] [46] [47] [48] [49] [50] [51] [52])
Overfull \hbox (87.70172pt too wide) in paragraph at lines 803--810
\OT1/ptm/m/n/12 Honest counts: 17 ex-ter-nal tools and 10 accession-level datas
ets (\OT1/pcr/m/n/12 results/external[]tools[]manifest.csv\OT1/ptm/m/n/12 ,
 []

[53] (./main.aux)

LaTeX Warning: There were multiply-defined labels.

 ) 
Here is how much of TeX's memory you used:
 3556 strings out of 480247
 53310 string characters out of 5896151
 487791 words of memory out of 5000000
 21425 multiletter control sequences out of 15000+600000
 497928 words of font info for 90 fonts, out of 8000000 for 9000
 14 hyphenation exceptions out of 8191
 55i,11n,62p,355b,253s stack positions out of 5000i,500n,10000p,200000b,80000s
{/usr/share/texlive/texmf-dist/fonts/enc/dvips/base/8r.enc}</usr/share/texliv
e/texmf-dist/fonts/type1/public/amsfonts/cm/cmex10.pfb></usr/share/texlive/texm
f-dist/fonts/type1/public/amsfonts/cm/cmmi10.pfb></usr/share/texlive/texmf-dist
/fonts/type1/public/amsfonts/cm/cmmi12.pfb></usr/share/texlive/texmf-dist/fonts
/type1/public/amsfonts/cm/cmmi6.pfb></usr/share/texlive/texmf-dist/fonts/type1/
public/amsfonts/cm/cmmi8.pfb></usr/share/texlive/texmf-dist/fonts/type1/public/
amsfonts/cm/cmr10.pfb></usr/share/texlive/texmf-dist/fonts/type1/public/amsfont
s/cm/cmr12.pfb></usr/share/texlive/texmf-dist/fonts/type1/public/amsfonts/cm/cm
r6.pfb></usr/share/texlive/texmf-dist/fonts/type1/public/amsfonts/cm/cmr8.pfb><
/usr/share/texlive/texmf-dist/fonts/type1/public/amsfonts/cm/cmsy10.pfb></usr/s
hare/texlive/texmf-dist/fonts/type1/public/amsfonts/cm/cmsy8.pfb></usr/share/te
xlive/texmf-dist/fonts/type1/public/amsfonts/symbols/msbm10.pfb></usr/share/tex
live/texmf-dist/fonts/type1/urw/courier/ucrr8a.pfb></usr/share/texlive/texmf-di
st/fonts/type1/urw/times/utmb8a.pfb></usr/share/texlive/texmf-dist/fonts/type1/
urw/times/utmbi8a.pfb></usr/share/texlive/texmf-dist/fonts/type1/urw/times/utmr
8a.pfb></usr/share/texlive/texmf-dist/fonts/type1/urw/times/utmri8a.pfb>
Output written on main.pdf (53 pages, 497714 bytes).
PDF statistics:
 275 PDF objects out of 1000 (max. 8388607)
 172 compressed objects within 2 object streams
 0 named destinations out of 1000 (max. 500000)
 31 words of extra memory for PDF output out of 10000 (max. 10000000)

